// Jest Snapshot v1, https://goo.gl/fbAQLP

exports[`NewCardForm will match the NewCardForm Snapshot 1`] = `
<section
  className="new-card-form"
>
  <section
    className="new-card-form__header"
  >
    Add Your Inspiration Quote
  </section>
  <form
    className=".new-card-form__form"
    onSubmit={[Function]}
  >
    <div
      className="card-grid"
    >
      <label
        className="new-card-form__form-label"
        htmlFor="text"
      >
        Your Inspiration Quote
      </label>
      <textarea
        className="new-card-form__form-textarea"
        name="text"
        onChange={[Function]}
        value=""
      />
    </div>
    <div
      className="card-grid"
    >
      <label
        className="new-card-form__form-label"
      >
        Pick your Emoji:
      </label>
      <select
        className="new-card-form__form-select"
        name="emoji"
        onChange={[Function]}
        value={
          Array [
            "",
            "heart_eyes",
            "beer",
            "clap",
            "sparkling_heart",
            "heart_eyes_cat",
            "dog",
          ]
        }
      >
        <option
          key="0"
          value=""
        />
        <option
          key="1"
          value="heart_eyes"
        >
          😍
        </option>
        <option
          key="2"
          value="beer"
        >
          🍺
        </option>
        <option
          key="3"
          value="clap"
        >
          👏
        </option>
        <option
          key="4"
          value="sparkling_heart"
        >
          💖
        </option>
        <option
          key="5"
          value="heart_eyes_cat"
        >
          😻
        </option>
        <option
          key="6"
          value="dog"
        >
          🐶
        </option>
      </select>
    </div>
    <div
      className="submit"
    >
      <input
        className="new-card-form__form-button"
        name="submit"
        type="submit"
        value="Add a Card"
      />
    </div>
  </form>
</section>
`;
